This is pdfTeX, Version 3.141592653-2.6-1.40.27 (TeX Live 2025) (preloaded format=pdflatex 2025.11.15)  16 APR 2026 17:10
entering extended mode
 restricted \write18 enabled.
 file:line:error style messages enabled.
 %&-line parsing enabled.
**"/Users/idabenvenuto/Documents/università/magistrale/Algorithm Design/algo/notes.tex"
(/Users/idabenvenuto/Documents/università/magistrale/Algorithm Design/algo/notes.tex
LaTeX2e <2024-11-01> patch level 2
L3 programming layer <2025-01-18>
(/usr/local/texlive/2025basic/texmf-dist/tex/latex/base/report.cls
Document Class: report 2024/06/29 v1.4n Standard LaTeX document class
(/usr/local/texlive/2025basic/texmf-dist/tex/latex/base/size12.clo
File: size12.clo 2024/06/29 v1.4n Standard LaTeX file (size option)
)
\c@part=\count196
\c@chapter=\count197
\c@section=\count198
\c@subsection=\count199
\c@subsubsection=\count266
\c@paragraph=\count267
\c@subparagraph=\count268
\c@figure=\count269
\c@table=\count270
\abovecaptionskip=\skip49
\belowcaptionskip=\skip50
\bibindent=\dimen141
) (/usr/local/texlive/2025basic/texmf-dist/tex/latex/base/inputenc.sty
Package: inputenc 2024/02/08 v1.3d Input encoding file
\inpenc@prehook=\toks17
\inpenc@posthook=\toks18
) (/usr/local/texlive/2025basic/texmf-dist/tex/latex/base/fontenc.sty
Package: fontenc 2021/04/29 v2.0v Standard LaTeX package
) (/usr/local/texlive/2025basic/texmf-dist/tex/latex/amsmath/amsmath.sty
Package: amsmath 2024/11/05 v2.17t AMS math features
\@mathmargin=\skip51

For additional information on amsmath, use the `?' option.
(/usr/local/texlive/2025basic/texmf-dist/tex/latex/amsmath/amstext.sty
Package: amstext 2021/08/26 v2.01 AMS text
 (/usr/local/texlive/2025basic/texmf-dist/tex/latex/amsmath/amsgen.sty
File: amsgen.sty 1999/11/30 v2.0 generic functions
\@emptytoks=\toks19
\ex@=\dimen142
)) (/usr/local/texlive/2025basic/texmf-dist/tex/latex/amsmath/amsbsy.sty
Package: amsbsy 1999/11/29 v1.2d Bold Symbols
\pmbraise@=\dimen143
) (/usr/local/texlive/2025basic/texmf-dist/tex/latex/amsmath/amsopn.sty
Package: amsopn 2022/04/08 v2.04 operator names
)
\inf@bad=\count271
LaTeX Info: Redefining \frac on input line 233.
\uproot@=\count272
\leftroot@=\count273
LaTeX Info: Redefining \overline on input line 398.
LaTeX Info: Redefining \colon on input line 409.
\classnum@=\count274
\DOTSCASE@=\count275
LaTeX Info: Redefining \ldots on input line 495.
LaTeX Info: Redefining \dots on input line 498.
LaTeX Info: Redefining \cdots on input line 619.
\Mathstrutbox@=\box52
\strutbox@=\box53
LaTeX Info: Redefining \big on input line 721.
LaTeX Info: Redefining \Big on input line 722.
LaTeX Info: Redefining \bigg on input line 723.
LaTeX Info: Redefining \Bigg on input line 724.
\big@size=\dimen144
LaTeX Font Info:    Redeclaring font encoding OML on input line 742.
LaTeX Font Info:    Redeclaring font encoding OMS on input line 743.
\macc@depth=\count276
LaTeX Info: Redefining \bmod on input line 904.
LaTeX Info: Redefining \pmod on input line 909.
LaTeX Info: Redefining \smash on input line 939.
LaTeX Info: Redefining \relbar on input line 969.
LaTeX Info: Redefining \Relbar on input line 970.
\c@MaxMatrixCols=\count277
\dotsspace@=\muskip17
\c@parentequation=\count278
\dspbrk@lvl=\count279
\tag@help=\toks20
\row@=\count280
\column@=\count281
\maxfields@=\count282
\andhelp@=\toks21
\eqnshift@=\dimen145
\alignsep@=\dimen146
\tagshift@=\dimen147
\tagwidth@=\dimen148
\totwidth@=\dimen149
\lineht@=\dimen150
\@envbody=\toks22
\multlinegap=\skip52
\multlinetaggap=\skip53
\mathdisplay@stack=\toks23
LaTeX Info: Redefining \[ on input line 2953.
LaTeX Info: Redefining \] on input line 2954.
) (/usr/local/texlive/2025basic/texmf-dist/tex/latex/amsfonts/amssymb.sty
Package: amssymb 2013/01/14 v3.01 AMS font symbols
 (/usr/local/texlive/2025basic/texmf-dist/tex/latex/amsfonts/amsfonts.sty
Package: amsfonts 2013/01/14 v3.01 Basic AMSFonts support
\symAMSa=\mathgroup4
\symAMSb=\mathgroup5
LaTeX Font Info:    Redeclaring math symbol \hbar on input line 98.
LaTeX Font Info:    Overwriting math alphabet `\mathfrak' in version `bold'
(Font)                  U/euf/m/n --> U/euf/b/n on input line 106.
)) (/usr/local/texlive/2025basic/texmf-dist/tex/latex/amscls/amsthm.sty
Package: amsthm 2020/05/29 v2.20.6
\thm@style=\toks24
\thm@bodyfont=\toks25
\thm@headfont=\toks26
\thm@notefont=\toks27
\thm@headpunct=\toks28
\thm@preskip=\skip54
\thm@postskip=\skip55
\thm@headsep=\skip56
\dth@everypar=\toks29
) (/usr/local/texlive/2025basic/texmf-dist/tex/latex/geometry/geometry.sty
Package: geometry 2020/01/02 v5.9 Page Geometry
 (/usr/local/texlive/2025basic/texmf-dist/tex/latex/graphics/keyval.sty
Package: keyval 2022/05/29 v1.15 key=value parser (DPC)
\KV@toks@=\toks30
) (/usr/local/texlive/2025basic/texmf-dist/tex/generic/iftex/ifvtex.sty
Package: ifvtex 2019/10/25 v1.7 ifvtex legacy package. Use iftex instead.
 (/usr/local/texlive/2025basic/texmf-dist/tex/generic/iftex/iftex.sty
Package: iftex 2024/12/12 v1.0g TeX engine tests
))
\Gm@cnth=\count283
\Gm@cntv=\count284
\c@Gm@tempcnt=\count285
\Gm@bindingoffset=\dimen151
\Gm@wd@mp=\dimen152
\Gm@odd@mp=\dimen153
\Gm@even@mp=\dimen154
\Gm@layoutwidth=\dimen155
\Gm@layoutheight=\dimen156
\Gm@layouthoffset=\dimen157
\Gm@layoutvoffset=\dimen158
\Gm@dimlist=\toks31
) (/usr/local/texlive/2025basic/texmf-dist/tex/latex/booktabs/booktabs.sty
Package: booktabs 2020/01/12 v1.61803398 Publication quality tables
\heavyrulewidth=\dimen159
\lightrulewidth=\dimen160
\cmidrulewidth=\dimen161
\belowrulesep=\dimen162
\belowbottomsep=\dimen163
\aboverulesep=\dimen164
\abovetopsep=\dimen165
\cmidrulesep=\dimen166
\cmidrulekern=\dimen167
\defaultaddspace=\dimen168
\@cmidla=\count286
\@cmidlb=\count287
\@aboverulesep=\dimen169
\@belowrulesep=\dimen170
\@thisruleclass=\count288
\@lastruleclass=\count289
\@thisrulewidth=\dimen171
) (/usr/local/texlive/2025basic/texmf-dist/tex/latex/xcolor/xcolor.sty
Package: xcolor 2024/09/29 v3.02 LaTeX color extensions (UK)
 (/usr/local/texlive/2025basic/texmf-dist/tex/latex/graphics-cfg/color.cfg
File: color.cfg 2016/01/02 v1.6 sample color configuration
)
Package xcolor Info: Driver file: pdftex.def on input line 274.
 (/usr/local/texlive/2025basic/texmf-dist/tex/latex/graphics-def/pdftex.def
File: pdftex.def 2024/04/13 v1.2c Graphics/color driver for pdftex
) (/usr/local/texlive/2025basic/texmf-dist/tex/latex/graphics/mathcolor.ltx)
Package xcolor Info: Model `cmy' substituted by `cmy0' on input line 1349.
Package xcolor Info: Model `hsb' substituted by `rgb' on input line 1353.
Package xcolor Info: Model `RGB' extended on input line 1365.
Package xcolor Info: Model `HTML' substituted by `rgb' on input line 1367.
Package xcolor Info: Model `Hsb' substituted by `hsb' on input line 1368.
Package xcolor Info: Model `tHsb' substituted by `hsb' on input line 1369.
Package xcolor Info: Model `HSB' substituted by `hsb' on input line 1370.
Package xcolor Info: Model `Gray' substituted by `gray' on input line 1371.
Package xcolor Info: Model `wave' substituted by `hsb' on input line 1372.
) (/usr/local/texlive/2025basic/texmf-dist/tex/latex/hyperref/hyperref.sty
Package: hyperref 2024-11-05 v7.01l Hypertext links for LaTeX
 (/usr/local/texlive/2025basic/texmf-dist/tex/latex/kvsetkeys/kvsetkeys.sty
Package: kvsetkeys 2022-10-05 v1.19 Key value parser (HO)
) (/usr/local/texlive/2025basic/texmf-dist/tex/generic/kvdefinekeys/kvdefinekeys.sty
Package: kvdefinekeys 2019-12-19 v1.6 Define keys (HO)
) (/usr/local/texlive/2025basic/texmf-dist/tex/generic/pdfescape/pdfescape.sty
Package: pdfescape 2019/12/09 v1.15 Implements pdfTeX's escape features (HO)
 (/usr/local/texlive/2025basic/texmf-dist/tex/generic/ltxcmds/ltxcmds.sty
Package: ltxcmds 2023-12-04 v1.26 LaTeX kernel commands for general use (HO)
) (/usr/local/texlive/2025basic/texmf-dist/tex/generic/pdftexcmds/pdftexcmds.sty
Package: pdftexcmds 2020-06-27 v0.33 Utility functions of pdfTeX for LuaTeX (HO)
 (/usr/local/texlive/2025basic/texmf-dist/tex/generic/infwarerr/infwarerr.sty
Package: infwarerr 2019/12/03 v1.5 Providing info/warning/error messages (HO)
)
Package pdftexcmds Info: \pdf@primitive is available.
Package pdftexcmds Info: \pdf@ifprimitive is available.
Package pdftexcmds Info: \pdfdraftmode found.
)) (/usr/local/texlive/2025basic/texmf-dist/tex/latex/hycolor/hycolor.sty
Package: hycolor 2020-01-27 v1.10 Color options for hyperref/bookmark (HO)
) (/usr/local/texlive/2025basic/texmf-dist/tex/latex/hyperref/nameref.sty
Package: nameref 2023-11-26 v2.56 Cross-referencing by name of section
 (/usr/local/texlive/2025basic/texmf-dist/tex/latex/refcount/refcount.sty
Package: refcount 2019/12/15 v3.6 Data extraction from label references (HO)
) (/usr/local/texlive/2025basic/texmf-dist/tex/generic/gettitlestring/gettitlestring.sty
Package: gettitlestring 2019/12/15 v1.6 Cleanup title references (HO)
 (/usr/local/texlive/2025basic/texmf-dist/tex/latex/kvoptions/kvoptions.sty
Package: kvoptions 2022-06-15 v3.15 Key value format for package options (HO)
))
\c@section@level=\count290
) (/usr/local/texlive/2025basic/texmf-dist/tex/latex/etoolbox/etoolbox.sty
Package: etoolbox 2025/02/11 v2.5l e-TeX tools for LaTeX (JAW)
\etb@tempcnta=\count291
) (/usr/local/texlive/2025basic/texmf-dist/tex/generic/stringenc/stringenc.sty
Package: stringenc 2019/11/29 v1.12 Convert strings between diff. encodings (HO)
)
\@linkdim=\dimen172
\Hy@linkcounter=\count292
\Hy@pagecounter=\count293
 (/usr/local/texlive/2025basic/texmf-dist/tex/latex/hyperref/pd1enc.def
File: pd1enc.def 2024-11-05 v7.01l Hyperref: PDFDocEncoding definition (HO)
Now handling font encoding PD1 ...
... no UTF-8 mapping file for font encoding PD1
) (/usr/local/texlive/2025basic/texmf-dist/tex/generic/intcalc/intcalc.sty
Package: intcalc 2019/12/15 v1.3 Expandable calculations with integers (HO)
)
\Hy@SavedSpaceFactor=\count294
 (/usr/local/texlive/2025basic/texmf-dist/tex/latex/hyperref/puenc.def
File: puenc.def 2024-11-05 v7.01l Hyperref: PDF Unicode definition (HO)
Now handling font encoding PU ...
... no UTF-8 mapping file for font encoding PU
)
Package hyperref Info: Hyper figures OFF on input line 4157.
Package hyperref Info: Link nesting OFF on input line 4162.
Package hyperref Info: Hyper index ON on input line 4165.
Package hyperref Info: Plain pages OFF on input line 4172.
Package hyperref Info: Backreferencing OFF on input line 4177.
Package hyperref Info: Implicit mode ON; LaTeX internals redefined.
Package hyperref Info: Bookmarks ON on input line 4424.
\c@Hy@tempcnt=\count295
 (/usr/local/texlive/2025basic/texmf-dist/tex/latex/url/url.sty
\Urlmuskip=\muskip18
Package: url 2013/09/16  ver 3.4  Verb mode for urls, etc.
)
LaTeX Info: Redefining \url on input line 4763.
\XeTeXLinkMargin=\dimen173
 (/usr/local/texlive/2025basic/texmf-dist/tex/generic/bitset/bitset.sty
Package: bitset 2019/12/09 v1.3 Handle bit-vector datatype (HO)
 (/usr/local/texlive/2025basic/texmf-dist/tex/generic/bigintcalc/bigintcalc.sty
Package: bigintcalc 2019/12/15 v1.5 Expandable calculations on big integers (HO)
))
\Fld@menulength=\count296
\Field@Width=\dimen174
\Fld@charsize=\dimen175
Package hyperref Info: Hyper figures OFF on input line 6042.
Package hyperref Info: Link nesting OFF on input line 6047.
Package hyperref Info: Hyper index ON on input line 6050.
Package hyperref Info: backreferencing OFF on input line 6057.
Package hyperref Info: Link coloring OFF on input line 6062.
Package hyperref Info: Link coloring with OCG OFF on input line 6067.
Package hyperref Info: PDF/A mode OFF on input line 6072.
 (/usr/local/texlive/2025basic/texmf-dist/tex/latex/base/atbegshi-ltx.sty
Package: atbegshi-ltx 2021/01/10 v1.0c Emulation of the original atbegshi
package with kernel methods
)
\Hy@abspage=\count297
\c@Item=\count298
\c@Hfootnote=\count299
)
Package hyperref Info: Driver (autodetected): hpdftex.
 (/usr/local/texlive/2025basic/texmf-dist/tex/latex/hyperref/hpdftex.def
File: hpdftex.def 2024-11-05 v7.01l Hyperref driver for pdfTeX
 (/usr/local/texlive/2025basic/texmf-dist/tex/latex/base/atveryend-ltx.sty
Package: atveryend-ltx 2020/08/19 v1.0a Emulation of the original atveryend package
with kernel methods
)
\Fld@listcount=\count300
\c@bookmark@seq@number=\count301
 (/usr/local/texlive/2025basic/texmf-dist/tex/latex/rerunfilecheck/rerunfilecheck.sty
Package: rerunfilecheck 2022-07-10 v1.10 Rerun checks for auxiliary files (HO)
 (/usr/local/texlive/2025basic/texmf-dist/tex/generic/uniquecounter/uniquecounter.sty
Package: uniquecounter 2019/12/15 v1.4 Provide unlimited unique counter (HO)
)
Package uniquecounter Info: New unique counter `rerunfilecheck' on input line 285.
)
\Hy@SectionHShift=\skip57
) (/usr/local/texlive/2025basic/texmf-dist/tex/latex/parskip/parskip.sty
Package: parskip 2021-03-14 v2.0h non-zero parskip adjustments
) (/usr/local/texlive/2025basic/texmf-dist/tex/latex/fancyvrb/fancyvrb.sty
Package: fancyvrb 2024/01/20 4.5c verbatim text (tvz,hv)
\FV@CodeLineNo=\count302
\FV@InFile=\read2
\FV@TabBox=\box54
\c@FancyVerbLine=\count303
\FV@StepNumber=\count304
\FV@OutFile=\write3
) (/usr/local/texlive/2025basic/texmf-dist/tex/latex/listings/listings.sty
\lst@mode=\count305
\lst@gtempboxa=\box55
\lst@token=\toks32
\lst@length=\count306
\lst@currlwidth=\dimen176
\lst@column=\count307
\lst@pos=\count308
\lst@lostspace=\dimen177
\lst@width=\dimen178
\lst@newlines=\count309
\lst@lineno=\count310
\lst@maxwidth=\dimen179
 (/usr/local/texlive/2025basic/texmf-dist/tex/latex/listings/lstpatch.sty
File: lstpatch.sty 2024/09/23 1.10c (Carsten Heinz)
) (/usr/local/texlive/2025basic/texmf-dist/tex/latex/listings/lstmisc.sty
File: lstmisc.sty 2024/09/23 1.10c (Carsten Heinz)
\c@lstnumber=\count311
\lst@skipnumbers=\count312
\lst@framebox=\box56
) (/usr/local/texlive/2025basic/texmf-dist/tex/latex/listings/listings.cfg
File: listings.cfg 2024/09/23 1.10c listings configuration
))
Package: listings 2024/09/23 1.10c (Carsten Heinz)
 (/usr/local/texlive/2025basic/texmf-dist/tex/latex/graphics/graphicx.sty
Package: graphicx 2021/09/16 v1.2d Enhanced LaTeX Graphics (DPC,SPQR)
 (/usr/local/texlive/2025basic/texmf-dist/tex/latex/graphics/graphics.sty
Package: graphics 2024/08/06 v1.4g Standard LaTeX Graphics (DPC,SPQR)
 (/usr/local/texlive/2025basic/texmf-dist/tex/latex/graphics/trig.sty
Package: trig 2023/12/02 v1.11 sin cos tan (DPC)
) (/usr/local/texlive/2025basic/texmf-dist/tex/latex/graphics-cfg/graphics.cfg
File: graphics.cfg 2016/06/04 v1.11 sample graphics configuration
)
Package graphics Info: Driver file: pdftex.def on input line 106.
)
\Gin@req@height=\dimen180
\Gin@req@width=\dimen181
) (/usr/local/texlive/2025basic/texmf-dist/tex/latex/float/float.sty
Package: float 2001/11/08 v1.3d Float enhancements (AL)
\c@float@type=\count313
\float@exts=\toks33
\float@box=\box57
\@float@everytoks=\toks34
\@floatcapt=\box58
) (/usr/local/texlive/2025basic/texmf-dist/tex/latex/pgf/frontendlayer/tikz.sty (/usr/local/texlive/2025basic/texmf-dist/tex/latex/pgf/basiclayer/pgf.sty (/usr/local/texlive/2025basic/texmf-dist/tex/latex/pgf/utilities/pgfrcs.sty (/usr/local/texlive/2025basic/texmf-dist/tex/generic/pgf/utilities/pgfutil-common.tex
\pgfutil@everybye=\toks35
\pgfutil@tempdima=\dimen182
\pgfutil@tempdimb=\dimen183
) (/usr/local/texlive/2025basic/texmf-dist/tex/generic/pgf/utilities/pgfutil-latex.def
\pgfutil@abb=\box59
) (/usr/local/texlive/2025basic/texmf-dist/tex/generic/pgf/utilities/pgfrcs.code.tex (/usr/local/texlive/2025basic/texmf-dist/tex/generic/pgf/pgf.revision.tex)
Package: pgfrcs 2023-01-15 v3.1.10 (3.1.10)
))
Package: pgf 2023-01-15 v3.1.10 (3.1.10)
 (/usr/local/texlive/2025basic/texmf-dist/tex/latex/pgf/basiclayer/pgfcore.sty (/usr/local/texlive/2025basic/texmf-dist/tex/latex/pgf/systemlayer/pgfsys.sty (/usr/local/texlive/2025basic/texmf-dist/tex/generic/pgf/systemlayer/pgfsys.code.tex
Package: pgfsys 2023-01-15 v3.1.10 (3.1.10)
 (/usr/local/texlive/2025basic/texmf-dist/tex/generic/pgf/utilities/pgfkeys.code.tex
\pgfkeys@pathtoks=\toks36
\pgfkeys@temptoks=\toks37
 (/usr/local/texlive/2025basic/texmf-dist/tex/generic/pgf/utilities/pgfkeyslibraryfiltered.code.tex
\pgfkeys@tmptoks=\toks38
))
\pgf@x=\dimen184
\pgf@y=\dimen185
\pgf@xa=\dimen186
\pgf@ya=\dimen187
\pgf@xb=\dimen188
\pgf@yb=\dimen189
\pgf@xc=\dimen190
\pgf@yc=\dimen191
\pgf@xd=\dimen192
\pgf@yd=\dimen193
\w@pgf@writea=\write4
\r@pgf@reada=\read3
\c@pgf@counta=\count314
\c@pgf@countb=\count315
\c@pgf@countc=\count316
\c@pgf@countd=\count317
\t@pgf@toka=\toks39
\t@pgf@tokb=\toks40
\t@pgf@tokc=\toks41
\pgf@sys@id@count=\count318
 (/usr/local/texlive/2025basic/texmf-dist/tex/generic/pgf/systemlayer/pgf.cfg
File: pgf.cfg 2023-01-15 v3.1.10 (3.1.10)
)
Driver file for pgf: pgfsys-pdftex.def
 (/usr/local/texlive/2025basic/texmf-dist/tex/generic/pgf/systemlayer/pgfsys-pdftex.def
File: pgfsys-pdftex.def 2023-01-15 v3.1.10 (3.1.10)
 (/usr/local/texlive/2025basic/texmf-dist/tex/generic/pgf/systemlayer/pgfsys-common-pdf.def
File: pgfsys-common-pdf.def 2023-01-15 v3.1.10 (3.1.10)
))) (/usr/local/texlive/2025basic/texmf-dist/tex/generic/pgf/systemlayer/pgfsyssoftpath.code.tex
File: pgfsyssoftpath.code.tex 2023-01-15 v3.1.10 (3.1.10)
\pgfsyssoftpath@smallbuffer@items=\count319
\pgfsyssoftpath@bigbuffer@items=\count320
) (/usr/local/texlive/2025basic/texmf-dist/tex/generic/pgf/systemlayer/pgfsysprotocol.code.tex
File: pgfsysprotocol.code.tex 2023-01-15 v3.1.10 (3.1.10)
)) (/usr/local/texlive/2025basic/texmf-dist/tex/generic/pgf/basiclayer/pgfcore.code.tex
Package: pgfcore 2023-01-15 v3.1.10 (3.1.10)
 (/usr/local/texlive/2025basic/texmf-dist/tex/generic/pgf/math/pgfmath.code.tex (/usr/local/texlive/2025basic/texmf-dist/tex/generic/pgf/math/pgfmathutil.code.tex) (/usr/local/texlive/2025basic/texmf-dist/tex/generic/pgf/math/pgfmathparser.code.tex
\pgfmath@dimen=\dimen194
\pgfmath@count=\count321
\pgfmath@box=\box60
\pgfmath@toks=\toks42
\pgfmath@stack@operand=\toks43
\pgfmath@stack@operation=\toks44
) (/usr/local/texlive/2025basic/texmf-dist/tex/generic/pgf/math/pgfmathfunctions.code.tex) (/usr/local/texlive/2025basic/texmf-dist/tex/generic/pgf/math/pgfmathfunctions.basic.code.tex) (/usr/local/texlive/2025basic/texmf-dist/tex/generic/pgf/math/pgfmathfunctions.trigonometric.code.tex) (/usr/local/texlive/2025basic/texmf-dist/tex/generic/pgf/math/pgfmathfunctions.random.code.tex) (/usr/local/texlive/2025basic/texmf-dist/tex/generic/pgf/math/pgfmathfunctions.comparison.code.tex) (/usr/local/texlive/2025basic/texmf-dist/tex/generic/pgf/math/pgfmathfunctions.base.code.tex) (/usr/local/texlive/2025basic/texmf-dist/tex/generic/pgf/math/pgfmathfunctions.round.code.tex) (/usr/local/texlive/2025basic/texmf-dist/tex/generic/pgf/math/pgfmathfunctions.misc.code.tex) (/usr/local/texlive/2025basic/texmf-dist/tex/generic/pgf/math/pgfmathfunctions.integerarithmetics.code.tex) (/usr/local/texlive/2025basic/texmf-dist/tex/generic/pgf/math/pgfmathcalc.code.tex) (/usr/local/texlive/2025basic/texmf-dist/tex/generic/pgf/math/pgfmathfloat.code.tex
\c@pgfmathroundto@lastzeros=\count322
)) (/usr/local/texlive/2025basic/texmf-dist/tex/generic/pgf/math/pgfint.code.tex) (/usr/local/texlive/2025basic/texmf-dist/tex/generic/pgf/basiclayer/pgfcorepoints.code.tex
File: pgfcorepoints.code.tex 2023-01-15 v3.1.10 (3.1.10)
\pgf@picminx=\dimen195
\pgf@picmaxx=\dimen196
\pgf@picminy=\dimen197
\pgf@picmaxy=\dimen198
\pgf@pathminx=\dimen199
\pgf@pathmaxx=\dimen256
\pgf@pathminy=\dimen257
\pgf@pathmaxy=\dimen258
\pgf@xx=\dimen259
\pgf@xy=\dimen260
\pgf@yx=\dimen261
\pgf@yy=\dimen262
\pgf@zx=\dimen263
\pgf@zy=\dimen264
) (/usr/local/texlive/2025basic/texmf-dist/tex/generic/pgf/basiclayer/pgfcorepathconstruct.code.tex
File: pgfcorepathconstruct.code.tex 2023-01-15 v3.1.10 (3.1.10)
\pgf@path@lastx=\dimen265
\pgf@path@lasty=\dimen266
) (/usr/local/texlive/2025basic/texmf-dist/tex/generic/pgf/basiclayer/pgfcorepathusage.code.tex
File: pgfcorepathusage.code.tex 2023-01-15 v3.1.10 (3.1.10)
\pgf@shorten@end@additional=\dimen267
\pgf@shorten@start@additional=\dimen268
) (/usr/local/texlive/2025basic/texmf-dist/tex/generic/pgf/basiclayer/pgfcorescopes.code.tex
File: pgfcorescopes.code.tex 2023-01-15 v3.1.10 (3.1.10)
\pgfpic=\box61
\pgf@hbox=\box62
\pgf@layerbox@main=\box63
\pgf@picture@serial@count=\count323
) (/usr/local/texlive/2025basic/texmf-dist/tex/generic/pgf/basiclayer/pgfcoregraphicstate.code.tex
File: pgfcoregraphicstate.code.tex 2023-01-15 v3.1.10 (3.1.10)
\pgflinewidth=\dimen269
) (/usr/local/texlive/2025basic/texmf-dist/tex/generic/pgf/basiclayer/pgfcoretransformations.code.tex
File: pgfcoretransformations.code.tex 2023-01-15 v3.1.10 (3.1.10)
\pgf@pt@x=\dimen270
\pgf@pt@y=\dimen271
\pgf@pt@temp=\dimen272
) (/usr/local/texlive/2025basic/texmf-dist/tex/generic/pgf/basiclayer/pgfcorequick.code.tex
File: pgfcorequick.code.tex 2023-01-15 v3.1.10 (3.1.10)
) (/usr/local/texlive/2025basic/texmf-dist/tex/generic/pgf/basiclayer/pgfcoreobjects.code.tex
File: pgfcoreobjects.code.tex 2023-01-15 v3.1.10 (3.1.10)
) (/usr/local/texlive/2025basic/texmf-dist/tex/generic/pgf/basiclayer/pgfcorepathprocessing.code.tex
File: pgfcorepathprocessing.code.tex 2023-01-15 v3.1.10 (3.1.10)
) (/usr/local/texlive/2025basic/texmf-dist/tex/generic/pgf/basiclayer/pgfcorearrows.code.tex
File: pgfcorearrows.code.tex 2023-01-15 v3.1.10 (3.1.10)
\pgfarrowsep=\dimen273
) (/usr/local/texlive/2025basic/texmf-dist/tex/generic/pgf/basiclayer/pgfcoreshade.code.tex
File: pgfcoreshade.code.tex 2023-01-15 v3.1.10 (3.1.10)
\pgf@max=\dimen274
\pgf@sys@shading@range@num=\count324
\pgf@shadingcount=\count325
) (/usr/local/texlive/2025basic/texmf-dist/tex/generic/pgf/basiclayer/pgfcoreimage.code.tex
File: pgfcoreimage.code.tex 2023-01-15 v3.1.10 (3.1.10)
) (/usr/local/texlive/2025basic/texmf-dist/tex/generic/pgf/basiclayer/pgfcoreexternal.code.tex
File: pgfcoreexternal.code.tex 2023-01-15 v3.1.10 (3.1.10)
\pgfexternal@startupbox=\box64
) (/usr/local/texlive/2025basic/texmf-dist/tex/generic/pgf/basiclayer/pgfcorelayers.code.tex
File: pgfcorelayers.code.tex 2023-01-15 v3.1.10 (3.1.10)
) (/usr/local/texlive/2025basic/texmf-dist/tex/generic/pgf/basiclayer/pgfcoretransparency.code.tex
File: pgfcoretransparency.code.tex 2023-01-15 v3.1.10 (3.1.10)
) (/usr/local/texlive/2025basic/texmf-dist/tex/generic/pgf/basiclayer/pgfcorepatterns.code.tex
File: pgfcorepatterns.code.tex 2023-01-15 v3.1.10 (3.1.10)
) (/usr/local/texlive/2025basic/texmf-dist/tex/generic/pgf/basiclayer/pgfcorerdf.code.tex
File: pgfcorerdf.code.tex 2023-01-15 v3.1.10 (3.1.10)
))) (/usr/local/texlive/2025basic/texmf-dist/tex/generic/pgf/modules/pgfmoduleshapes.code.tex
File: pgfmoduleshapes.code.tex 2023-01-15 v3.1.10 (3.1.10)
\pgfnodeparttextbox=\box65
) (/usr/local/texlive/2025basic/texmf-dist/tex/generic/pgf/modules/pgfmoduleplot.code.tex
File: pgfmoduleplot.code.tex 2023-01-15 v3.1.10 (3.1.10)
) (/usr/local/texlive/2025basic/texmf-dist/tex/latex/pgf/compatibility/pgfcomp-version-0-65.sty
Package: pgfcomp-version-0-65 2023-01-15 v3.1.10 (3.1.10)
\pgf@nodesepstart=\dimen275
\pgf@nodesepend=\dimen276
) (/usr/local/texlive/2025basic/texmf-dist/tex/latex/pgf/compatibility/pgfcomp-version-1-18.sty
Package: pgfcomp-version-1-18 2023-01-15 v3.1.10 (3.1.10)
)) (/usr/local/texlive/2025basic/texmf-dist/tex/latex/pgf/utilities/pgffor.sty (/usr/local/texlive/2025basic/texmf-dist/tex/latex/pgf/utilities/pgfkeys.sty (/usr/local/texlive/2025basic/texmf-dist/tex/generic/pgf/utilities/pgfkeys.code.tex)) (/usr/local/texlive/2025basic/texmf-dist/tex/latex/pgf/math/pgfmath.sty (/usr/local/texlive/2025basic/texmf-dist/tex/generic/pgf/math/pgfmath.code.tex)) (/usr/local/texlive/2025basic/texmf-dist/tex/generic/pgf/utilities/pgffor.code.tex
Package: pgffor 2023-01-15 v3.1.10 (3.1.10)
\pgffor@iter=\dimen277
\pgffor@skip=\dimen278
\pgffor@stack=\toks45
\pgffor@toks=\toks46
)) (/usr/local/texlive/2025basic/texmf-dist/tex/generic/pgf/frontendlayer/tikz/tikz.code.tex
Package: tikz 2023-01-15 v3.1.10 (3.1.10)
 (/usr/local/texlive/2025basic/texmf-dist/tex/generic/pgf/libraries/pgflibraryplothandlers.code.tex
File: pgflibraryplothandlers.code.tex 2023-01-15 v3.1.10 (3.1.10)
\pgf@plot@mark@count=\count326
\pgfplotmarksize=\dimen279
)
\tikz@lastx=\dimen280
\tikz@lasty=\dimen281
\tikz@lastxsaved=\dimen282
\tikz@lastysaved=\dimen283
\tikz@lastmovetox=\dimen284
\tikz@lastmovetoy=\dimen285
\tikzleveldistance=\dimen286
\tikzsiblingdistance=\dimen287
\tikz@figbox=\box66
\tikz@figbox@bg=\box67
\tikz@tempbox=\box68
\tikz@tempbox@bg=\box69
\tikztreelevel=\count327
\tikznumberofchildren=\count328
\tikznumberofcurrentchild=\count329
\tikz@fig@count=\count330
 (/usr/local/texlive/2025basic/texmf-dist/tex/generic/pgf/modules/pgfmodulematrix.code.tex
File: pgfmodulematrix.code.tex 2023-01-15 v3.1.10 (3.1.10)
\pgfmatrixcurrentrow=\count331
\pgfmatrixcurrentcolumn=\count332
\pgf@matrix@numberofcolumns=\count333
)
\tikz@expandcount=\count334
 (/usr/local/texlive/2025basic/texmf-dist/tex/generic/pgf/frontendlayer/tikz/libraries/tikzlibrarytopaths.code.tex
File: tikzlibrarytopaths.code.tex 2023-01-15 v3.1.10 (3.1.10)
))) (/usr/local/texlive/2025basic/texmf-dist/tex/latex/enumitem/enumitem.sty
Package: enumitem 2025/02/06 v3.11 Customized lists
\labelindent=\skip58
\enit@outerparindent=\dimen288
\enit@toks=\toks47
\enit@inbox=\box70
\enit@count@id=\count335
\enitdp@description=\count336
)
Package hyperref Info: Option `colorlinks' set `true' on input line 24.
\c@definition=\count337
\c@claim=\count338
\c@proposition=\count339
\c@theorem=\count340
\c@observation=\count341
\c@lemma=\count342
\c@corollary=\count343
 (/usr/local/texlive/2025basic/texmf-dist/tex/latex/l3backend/l3backend-pdftex.def
File: l3backend-pdftex.def 2024-05-08 L3 backend support: PDF output (pdfTeX)
\l__color_backend_stack_int=\count344
\l__pdf_internal_box=\box71
) (/Users/idabenvenuto/Documents/università/magistrale/Algorithm Design/algo/notes.aux)
\openout1 = `notes.aux'.

LaTeX Font Info:    Checking defaults for OML/cmm/m/it on input line 37.
LaTeX Font Info:    ... okay on input line 37.
LaTeX Font Info:    Checking defaults for OMS/cmsy/m/n on input line 37.
LaTeX Font Info:    ... okay on input line 37.
LaTeX Font Info:    Checking defaults for OT1/cmr/m/n on input line 37.
LaTeX Font Info:    ... okay on input line 37.
LaTeX Font Info:    Checking defaults for T1/cmr/m/n on input line 37.
LaTeX Font Info:    ... okay on input line 37.
LaTeX Font Info:    Checking defaults for TS1/cmr/m/n on input line 37.
LaTeX Font Info:    ... okay on input line 37.
LaTeX Font Info:    Checking defaults for OMX/cmex/m/n on input line 37.
LaTeX Font Info:    ... okay on input line 37.
LaTeX Font Info:    Checking defaults for U/cmr/m/n on input line 37.
LaTeX Font Info:    ... okay on input line 37.
LaTeX Font Info:    Checking defaults for PD1/pdf/m/n on input line 37.
LaTeX Font Info:    ... okay on input line 37.
LaTeX Font Info:    Checking defaults for PU/pdf/m/n on input line 37.
LaTeX Font Info:    ... okay on input line 37.

*geometry* driver: auto-detecting
*geometry* detected driver: pdftex
*geometry* verbose mode - [ preamble ] result:
* driver: pdftex
* paper: a4paper
* layout: <same size as paper>
* layoutoffset:(h,v)=(0.0pt,0.0pt)
* modes: 
* h-part:(L,W,R)=(71.13188pt, 455.24411pt, 71.13188pt)
* v-part:(T,H,B)=(71.13188pt, 702.78308pt, 71.13188pt)
* \paperwidth=597.50787pt
* \paperheight=845.04684pt
* \textwidth=455.24411pt
* \textheight=702.78308pt
* \oddsidemargin=-1.1381pt
* \evensidemargin=-1.1381pt
* \topmargin=-38.1381pt
* \headheight=12.0pt
* \headsep=25.0pt
* \topskip=12.0pt
* \footskip=30.0pt
* \marginparwidth=35.0pt
* \marginparsep=10.0pt
* \columnsep=10.0pt
* \skip\footins=10.8pt plus 4.0pt minus 2.0pt
* \hoffset=0.0pt
* \voffset=0.0pt
* \mag=1000
* \@twocolumnfalse
* \@twosidefalse
* \@mparswitchfalse
* \@reversemarginfalse
* (1in=72.27pt=25.4mm, 1cm=28.453pt)

(/usr/local/texlive/2025basic/texmf-dist/tex/context/base/mkii/supp-pdf.mkii
[Loading MPS to PDF converter (version 2006.09.02).]
\scratchcounter=\count345
\scratchdimen=\dimen289
\scratchbox=\box72
\nofMPsegments=\count346
\nofMParguments=\count347
\everyMPshowfont=\toks48
\MPscratchCnt=\count348
\MPscratchDim=\dimen290
\MPnumerator=\count349
\makeMPintoPDFobject=\count350
\everyMPtoPDFconversion=\toks49
) (/usr/local/texlive/2025basic/texmf-dist/tex/latex/epstopdf-pkg/epstopdf-base.sty
Package: epstopdf-base 2020-01-24 v2.11 Base part for package epstopdf
Package epstopdf-base Info: Redefining graphics rule for `.eps' on input line 485.
 (/usr/local/texlive/2025basic/texmf-dist/tex/latex/latexconfig/epstopdf-sys.cfg
File: epstopdf-sys.cfg 2010/07/13 v1.3 Configuration of (r)epstopdf for TeX Live
))
Package hyperref Info: Link coloring ON on input line 37.
 (/Users/idabenvenuto/Documents/università/magistrale/Algorithm Design/algo/notes.out) (/Users/idabenvenuto/Documents/università/magistrale/Algorithm Design/algo/notes.out)
\@outlinefile=\write5
\openout5 = `notes.out'.


Couldn't patch \deferred@thm@head!
\c@lstlisting=\count351
LaTeX Font Info:    Trying to load font information for U+msa on input line 40.
(/usr/local/texlive/2025basic/texmf-dist/tex/latex/amsfonts/umsa.fd
File: umsa.fd 2013/01/14 v3.01 AMS symbols A
)
LaTeX Font Info:    Trying to load font information for U+msb on input line 40.
 (/usr/local/texlive/2025basic/texmf-dist/tex/latex/amsfonts/umsb.fd
File: umsb.fd 2013/01/14 v3.01 AMS symbols B
)

[1

{/usr/local/texlive/2025basic/texmf-var/fonts/map/pdftex/updmap/pdftex.map}{/usr/local/texlive/2025basic/texmf-dist/fonts/enc/dvips/cm-super/cm-super-t1.enc}] (/Users/idabenvenuto/Documents/università/magistrale/Algorithm Design/algo/notes.toc


pdfTeX warning (ext4): destination with the same identifier (name{page.1}) has been already used, duplicate ignored
<to be read again> 
                   \relax 
l.38 ...Proof of Optimality}{17}{subsection.2.3.6}
                                                  % [1

]

[2])
\tf@toc=\write6
\openout6 = `notes.toc'.



[3]
Chapter 1.

Underfull \hbox (badness 10000) in paragraph at lines 53--55

 []



[4

]
Overfull \hbox (30.60829pt too wide) in paragraph at lines 80--90
 [] 
 []

<imm/O-grande.png, id=620, 216.81pt x 181.67876pt>
File: imm/O-grande.png Graphic file (type png)
<use imm/O-grande.png>
Package pdftex.def Info: imm/O-grande.png  used on input line 114.
(pdftex.def)             Requested size: 136.57462pt x 114.44989pt.


[5{/usr/local/texlive/2025basic/texmf-dist/fonts/enc/dvips/cm-super/cm-super-ts1.enc} </Users/idabenvenuto/Documents/università/magistrale/Algorithm Design/algo/imm/O-grande.png>]

[6]

[7]

[8]

[9]

[10]
Chapter 2.
<imm/counterexample.png, id=660, 441.65pt x 450.68375pt>
File: imm/counterexample.png Graphic file (type png)
<use imm/counterexample.png>
Package pdftex.def Info: imm/counterexample.png  used on input line 424.
(pdftex.def)             Requested size: 182.09486pt x 185.81993pt.
<imm/E_F_T_F.png, id=661, 557.08125pt x 311.1625pt>
File: imm/E_F_T_F.png Graphic file (type png)
<use imm/E_F_T_F.png>
Package pdftex.def Info: imm/E_F_T_F.png  used on input line 431.
(pdftex.def)             Requested size: 409.71692pt x 228.856pt.


[11

 </Users/idabenvenuto/Documents/università/magistrale/Algorithm Design/algo/imm/counterexample.png>]
<imm/Immagine JPEG-4835-9E45-EC-0.jpeg, id=671, 1978.39125pt x 1003.75pt>
File: imm/Immagine JPEG-4835-9E45-EC-0.jpeg Graphic file (type jpg)
<use imm/Immagine JPEG-4835-9E45-EC-0.jpeg>
Package pdftex.def Info: imm/Immagine JPEG-4835-9E45-EC-0.jpeg  used on input line 437.
(pdftex.def)             Requested size: 136.57462pt x 69.28944pt.
<imm/Screenshot 2026-03-02 alle 19.14.47.png, id=672, 1310.8975pt x 448.67625pt>
File: imm/Screenshot 2026-03-02 alle 19.14.47.png Graphic file (type png)
<use imm/Screenshot 2026-03-02 alle 19.14.47.png>
Package pdftex.def Info: imm/Screenshot 2026-03-02 alle 19.14.47.png  used on input line 466.
(pdftex.def)             Requested size: 318.66948pt x 109.06743pt.


[12 </Users/idabenvenuto/Documents/università/magistrale/Algorithm Design/algo/imm/E_F_T_F.png> </Users/idabenvenuto/Documents/università/magistrale/Algorithm Design/algo/imm/Immagine JPEG-4835-9E45-EC-0.jpeg> </Users/idabenvenuto/Documents/università/magistrale/Algorithm Design/algo/imm/Screenshot 2026-03-02 alle 19.14.47.png>]
<imm/Screenshot 2026-03-02 alle 19.17.29.png, id=684, 1217.54875pt x 334.24875pt>
File: imm/Screenshot 2026-03-02 alle 19.17.29.png Graphic file (type png)
<use imm/Screenshot 2026-03-02 alle 19.17.29.png>
Package pdftex.def Info: imm/Screenshot 2026-03-02 alle 19.17.29.png  used on input line 482.
(pdftex.def)             Requested size: 318.66948pt x 87.48404pt.
<imm/Screenshot 2026-03-02 alle 19.21.30.png, id=685, 1171.37625pt x 328.22626pt>
File: imm/Screenshot 2026-03-02 alle 19.21.30.png Graphic file (type png)
<use imm/Screenshot 2026-03-02 alle 19.21.30.png>
Package pdftex.def Info: imm/Screenshot 2026-03-02 alle 19.21.30.png  used on input line 494.
(pdftex.def)             Requested size: 318.66948pt x 89.29338pt.
<imm/Screenshot 2026-03-02 alle 19.22.41.png, id=686, 848.16875pt x 635.37375pt>
File: imm/Screenshot 2026-03-02 alle 19.22.41.png Graphic file (type png)
<use imm/Screenshot 2026-03-02 alle 19.22.41.png>
Package pdftex.def Info: imm/Screenshot 2026-03-02 alle 19.22.41.png  used on input line 504.
(pdftex.def)             Requested size: 409.71692pt x 306.92462pt.


[13 </Users/idabenvenuto/Documents/università/magistrale/Algorithm Design/algo/imm/Screenshot 2026-03-02 alle 19.17.29.png> </Users/idabenvenuto/Documents/università/magistrale/Algorithm Design/algo/imm/Screenshot 2026-03-02 alle 19.21.30.png>]

[14 </Users/idabenvenuto/Documents/università/magistrale/Algorithm Design/algo/imm/Screenshot 2026-03-02 alle 19.22.41.png>]
<imm/Screenshot 2026-03-05 alle 13.00.49.png, id=700, 987.69pt x 341.275pt>
File: imm/Screenshot 2026-03-05 alle 13.00.49.png Graphic file (type png)
<use imm/Screenshot 2026-03-05 alle 13.00.49.png>
Package pdftex.def Info: imm/Screenshot 2026-03-05 alle 13.00.49.png  used on input line 546.
(pdftex.def)             Requested size: 409.71692pt x 141.56398pt.
<imm/Immagine JPEG-4277-B732-48-0.jpeg, id=701, 1603.9925pt x 1003.75pt>
File: imm/Immagine JPEG-4277-B732-48-0.jpeg Graphic file (type jpg)
<use imm/Immagine JPEG-4277-B732-48-0.jpeg>
Package pdftex.def Info: imm/Immagine JPEG-4277-B732-48-0.jpeg  used on input line 559.
(pdftex.def)             Requested size: 227.62206pt x 142.43854pt.
<imm/Screenshot 2026-03-05 alle 13.13.53.png, id=702, 772.8875pt x 478.78876pt>
File: imm/Screenshot 2026-03-05 alle 13.13.53.png Graphic file (type png)
<use imm/Screenshot 2026-03-05 alle 13.13.53.png>
Package pdftex.def Info: imm/Screenshot 2026-03-05 alle 13.13.53.png  used on input line 567.
(pdftex.def)             Requested size: 364.19667pt x 225.6152pt.


[15
pdfTeX warning (ext4): destination with the same identifier (name{figure.2.1}) has been already used, duplicate ignored
<argument> ...shipout:D \box_use:N \l_shipout_box 
                                                  \__shipout_drop_firstpage_...
l.569 
       </Users/idabenvenuto/Documents/università/magistrale/Algorithm Design/algo/imm/Screenshot 2026-03-05 alle 13.00.49.png> </Users/idabenvenuto/Documents/università/magistrale/Algorithm Design/algo/imm/Immagine JPEG-4277-B732-48-0.jpeg>]
<imm/Screenshot 2026-03-05 alle 13.23.42.png, id=712, 624.3325pt x 168.63pt>
File: imm/Screenshot 2026-03-05 alle 13.23.42.png Graphic file (type png)
<use imm/Screenshot 2026-03-05 alle 13.23.42.png>
Package pdftex.def Info: imm/Screenshot 2026-03-05 alle 13.23.42.png  used on input line 576.
(pdftex.def)             Requested size: 227.62206pt x 61.47867pt.


[16 </Users/idabenvenuto/Documents/università/magistrale/Algorithm Design/algo/imm/Screenshot 2026-03-05 alle 13.13.53.png> </Users/idabenvenuto/Documents/università/magistrale/Algorithm Design/algo/imm/Screenshot 2026-03-05 alle 13.23.42.png>]

[17]
Chapter 3.
<imm/Immagine JPEG-40DA-B0D9-F4-0.jpeg, id=735, 1695.33376pt x 1002.74625pt>
File: imm/Immagine JPEG-40DA-B0D9-F4-0.jpeg Graphic file (type jpg)
<use imm/Immagine JPEG-40DA-B0D9-F4-0.jpeg>
Package pdftex.def Info: imm/Immagine JPEG-40DA-B0D9-F4-0.jpeg  used on input line 692.
(pdftex.def)             Requested size: 204.85846pt x 121.1659pt.


[18

 </Users/idabenvenuto/Documents/università/magistrale/Algorithm Design/algo/imm/Immagine JPEG-40DA-B0D9-F4-0.jpeg>]
<imm/Screenshot 2026-03-12 alle 12.22.06.png, id=744, 687.56876pt x 364.36125pt>
File: imm/Screenshot 2026-03-12 alle 12.22.06.png Graphic file (type png)
<use imm/Screenshot 2026-03-12 alle 12.22.06.png>
Package pdftex.def Info: imm/Screenshot 2026-03-12 alle 12.22.06.png  used on input line 715.
(pdftex.def)             Requested size: 318.66948pt x 168.87025pt.
<imm/Screenshot 2026-03-12 alle 12.29.45.png, id=745, 445.665pt x 187.70125pt>
File: imm/Screenshot 2026-03-12 alle 12.29.45.png Graphic file (type png)
<use imm/Screenshot 2026-03-12 alle 12.29.45.png>
Package pdftex.def Info: imm/Screenshot 2026-03-12 alle 12.29.45.png  used on input line 745.
(pdftex.def)             Requested size: 409.71692pt x 172.56122pt.


[19 </Users/idabenvenuto/Documents/università/magistrale/Algorithm Design/algo/imm/Screenshot 2026-03-12 alle 12.22.06.png>]
<imm/Screenshot 2026-03-12 alle 12.35.59.png, id=755, 685.56125pt x 232.87pt>
File: imm/Screenshot 2026-03-12 alle 12.35.59.png Graphic file (type png)
<use imm/Screenshot 2026-03-12 alle 12.35.59.png>
Package pdftex.def Info: imm/Screenshot 2026-03-12 alle 12.35.59.png  used on input line 755.
(pdftex.def)             Requested size: 409.71692pt x 139.17586pt.
<imm/Screenshot 2026-03-12 alle 12.36.37.png, id=756, 610.28pt x 347.2975pt>
File: imm/Screenshot 2026-03-12 alle 12.36.37.png Graphic file (type png)
<use imm/Screenshot 2026-03-12 alle 12.36.37.png>
Package pdftex.def Info: imm/Screenshot 2026-03-12 alle 12.36.37.png  used on input line 764.
(pdftex.def)             Requested size: 409.71692pt x 233.17035pt.


[20 </Users/idabenvenuto/Documents/università/magistrale/Algorithm Design/algo/imm/Screenshot 2026-03-12 alle 12.29.45.png> </Users/idabenvenuto/Documents/università/magistrale/Algorithm Design/algo/imm/Screenshot 2026-03-12 alle 12.35.59.png>]
<imm/Screenshot 2026-03-17 alle 17.51.54.png, id=763, 417.56pt x 202.7575pt>
File: imm/Screenshot 2026-03-17 alle 17.51.54.png Graphic file (type png)
<use imm/Screenshot 2026-03-17 alle 17.51.54.png>
Package pdftex.def Info: imm/Screenshot 2026-03-17 alle 17.51.54.png  used on input line 788.
(pdftex.def)             Requested size: 409.71692pt x 198.96088pt.
<imm/Screenshot 2026-03-17 alle 18.04.43.png, id=764, 414.54875pt x 202.7575pt>
File: imm/Screenshot 2026-03-17 alle 18.04.43.png Graphic file (type png)
<use imm/Screenshot 2026-03-17 alle 18.04.43.png>
Package pdftex.def Info: imm/Screenshot 2026-03-17 alle 18.04.43.png  used on input line 800.
(pdftex.def)             Requested size: 409.71692pt x 200.3995pt.


[21 </Users/idabenvenuto/Documents/università/magistrale/Algorithm Design/algo/imm/Screenshot 2026-03-12 alle 12.36.37.png> </Users/idabenvenuto/Documents/università/magistrale/Algorithm Design/algo/imm/Screenshot 2026-03-17 alle 17.51.54.png>]

[22 </Users/idabenvenuto/Documents/università/magistrale/Algorithm Design/algo/imm/Screenshot 2026-03-17 alle 18.04.43.png>]
Overfull \hbox (41.20866pt too wide) detected at line 906
\OML/cmm/m/it/12 OPT\OT1/cmr/m/n/12 (3) = []\OMS/cmsy/m/n/12 f\OML/cmm/m/it/12 e[] \OT1/cmr/m/n/12 + 1 + \OML/cmm/m/it/12 OPT\OT1/cmr/m/n/12 (0)\OML/cmm/m/it/12 ;  e[] \OT1/cmr/m/n/12 + 1 + \OML/cmm/m/it/12 OPT\OT1/cmr/m/n/12 (1)\OML/cmm/m/it/12 ;  e[] \OT1/cmr/m/n/12 + 1 + \OML/cmm/m/it/12 OPT\OT1/cmr/m/n/12 (2)\OMS/cmsy/m/n/12 g \OT1/cmr/m/n/12 = []\OMS/cmsy/m/n/12 f\OT1/cmr/m/n/12 2\OML/cmm/m/it/12 :\OT1/cmr/m/n/12 2\OML/cmm/m/it/12 ;  \OT1/cmr/m/n/12 2\OML/cmm/m/it/12 :\OT1/cmr/m/n/12 2\OML/cmm/m/it/12 ;  \OT1/cmr/m/n/12 2\OML/cmm/m/it/12 :\OT1/cmr/m/n/12 5\OMS/cmsy/m/n/12 g \OT1/cmr/m/n/12 = 2\OML/cmm/m/it/12 :\OT1/cmr/m/n/12 2\OML/cmm/m/it/12 ;
 []

<imm/Screenshot 2026-03-17 alle 18.06.31.png, id=779, 572.1375pt x 315.1775pt>
File: imm/Screenshot 2026-03-17 alle 18.06.31.png Graphic file (type png)
<use imm/Screenshot 2026-03-17 alle 18.06.31.png>
Package pdftex.def Info: imm/Screenshot 2026-03-17 alle 18.06.31.png  used on input line 919.
(pdftex.def)             Requested size: 409.71692pt x 225.70609pt.


[23]

[24 </Users/idabenvenuto/Documents/università/magistrale/Algorithm Design/algo/imm/Screenshot 2026-03-17 alle 18.06.31.png>]
<imm/Screenshot 2026-03-16 alle 08.49.41.png, id=793, 615.29875pt x 324.21124pt>
File: imm/Screenshot 2026-03-16 alle 08.49.41.png Graphic file (type png)
<use imm/Screenshot 2026-03-16 alle 08.49.41.png>
Package pdftex.def Info: imm/Screenshot 2026-03-16 alle 08.49.41.png  used on input line 1000.
(pdftex.def)             Requested size: 409.71692pt x 215.88965pt.
<imm/Screenshot 2026-03-16 alle 08.55.17.png, id=794, 700.6175pt x 566.115pt>
File: imm/Screenshot 2026-03-16 alle 08.55.17.png Graphic file (type png)
<use imm/Screenshot 2026-03-16 alle 08.55.17.png>
Package pdftex.def Info: imm/Screenshot 2026-03-16 alle 08.55.17.png  used on input line 1007.
(pdftex.def)             Requested size: 409.71692pt x 331.06796pt.


[25 </Users/idabenvenuto/Documents/università/magistrale/Algorithm Design/algo/imm/Screenshot 2026-03-16 alle 08.49.41.png>]
<imm/Screenshot 2026-03-16 alle 09.58.55.png, id=803, 725.71124pt x 321.2pt>
File: imm/Screenshot 2026-03-16 alle 09.58.55.png Graphic file (type png)
<use imm/Screenshot 2026-03-16 alle 09.58.55.png>
Package pdftex.def Info: imm/Screenshot 2026-03-16 alle 09.58.55.png  used on input line 1047.
(pdftex.def)             Requested size: 318.66948pt x 141.04417pt.


[26 </Users/idabenvenuto/Documents/università/magistrale/Algorithm Design/algo/imm/Screenshot 2026-03-16 alle 08.55.17.png>]
<imm/Screenshot 2026-03-16 alle 10.03.50.png, id=810, 393.47pt x 134.5025pt>
File: imm/Screenshot 2026-03-16 alle 10.03.50.png Graphic file (type png)
<use imm/Screenshot 2026-03-16 alle 10.03.50.png>
Package pdftex.def Info: imm/Screenshot 2026-03-16 alle 10.03.50.png  used on input line 1058.
(pdftex.def)             Requested size: 227.62206pt x 77.8083pt.
<imm/Screenshot 2026-03-16 alle 10.11.11.png, id=811, 385.44pt x 220.825pt>
File: imm/Screenshot 2026-03-16 alle 10.11.11.png Graphic file (type png)
<use imm/Screenshot 2026-03-16 alle 10.11.11.png>
Package pdftex.def Info: imm/Screenshot 2026-03-16 alle 10.11.11.png  used on input line 1084.
(pdftex.def)             Requested size: 227.62206pt x 130.4069pt.


[27 </Users/idabenvenuto/Documents/università/magistrale/Algorithm Design/algo/imm/Screenshot 2026-03-16 alle 09.58.55.png> </Users/idabenvenuto/Documents/università/magistrale/Algorithm Design/algo/imm/Screenshot 2026-03-16 alle 10.03.50.png> </Users/idabenvenuto/Documents/università/magistrale/Algorithm Design/algo/imm/Screenshot 2026-03-16 alle 10.11.11.png>]
Overfull \hbox (1.89108pt too wide) in paragraph at lines 1095--1097
[]$\OML/cmm/m/it/12 x[]$ \T1/cmr/bx/n/12 is matched with $\OML/cmm/m/it/12 y[]$\T1/cmr/bx/n/12 : \T1/cmr/m/n/12 pay mis-match $\OML/cmm/m/it/12 []$\T1/cmr/m/n/12 , then solve the sub-prob-lem on $\OML/cmm/m/it/12 x[] [] x[]$
 []


Overfull \hbox (44.49422pt too wide) detected at line 1115
[]\OT1/cmr/m/n/12 (\OML/cmm/m/it/12 i; j\OT1/cmr/m/n/12 ) = []
 []

<imm/Screenshot 2026-03-16 alle 10.16.56.png, id=822, 463.7325pt x 428.60126pt>
File: imm/Screenshot 2026-03-16 alle 10.16.56.png Graphic file (type png)
<use imm/Screenshot 2026-03-16 alle 10.16.56.png>
Package pdftex.def Info: imm/Screenshot 2026-03-16 alle 10.16.56.png  used on input line 1121.
(pdftex.def)             Requested size: 409.71692pt x 378.68753pt.


[28 </Users/idabenvenuto/Documents/università/magistrale/Algorithm Design/algo/imm/Screenshot 2026-03-16 alle 10.16.56.png>]
<imm/Screenshot 2026-03-16 alle 10.24.13.png, id=832, 650.43pt x 351.3125pt>
File: imm/Screenshot 2026-03-16 alle 10.24.13.png Graphic file (type png)
<use imm/Screenshot 2026-03-16 alle 10.24.13.png>
Package pdftex.def Info: imm/Screenshot 2026-03-16 alle 10.24.13.png  used on input line 1152.
(pdftex.def)             Requested size: 409.71692pt x 221.30124pt.


[29
pdfTeX warning (ext4): destination with the same identifier (name{figure.3.1}) has been already used, duplicate ignored
<argument> ...shipout:D \box_use:N \l_shipout_box 
                                                  \__shipout_drop_firstpage_...
l.1164 \[
          </Users/idabenvenuto/Documents/università/magistrale/Algorithm Design/algo/imm/Screenshot 2026-03-16 alle 10.24.13.png>]
<imm/Screenshot 2026-04-14 alle 13.46.24.png, id=843, 446.66875pt x 238.8925pt>
File: imm/Screenshot 2026-04-14 alle 13.46.24.png Graphic file (type png)
<use imm/Screenshot 2026-04-14 alle 13.46.24.png>
Package pdftex.def Info: imm/Screenshot 2026-04-14 alle 13.46.24.png  used on input line 1186.
(pdftex.def)             Requested size: 273.14923pt x 146.09236pt.
<imm/Screenshot 2026-04-14 alle 13.52.49.png, id=844, 484.81125pt x 290.08376pt>
File: imm/Screenshot 2026-04-14 alle 13.52.49.png Graphic file (type png)
<use imm/Screenshot 2026-04-14 alle 13.52.49.png>
Package pdftex.def Info: imm/Screenshot 2026-04-14 alle 13.52.49.png  used on input line 1210.
(pdftex.def)             Requested size: 273.14923pt x 163.44614pt.


[30 </Users/idabenvenuto/Documents/università/magistrale/Algorithm Design/algo/imm/Screenshot 2026-04-14 alle 13.46.24.png>]

[31 </Users/idabenvenuto/Documents/università/magistrale/Algorithm Design/algo/imm/Screenshot 2026-04-14 alle 13.52.49.png>]
<imm/Screenshot 2026-04-14 alle 14.08.28.png, id=863, 458.71375pt x 241.90375pt>
File: imm/Screenshot 2026-04-14 alle 14.08.28.png Graphic file (type png)
<use imm/Screenshot 2026-04-14 alle 14.08.28.png>
Package pdftex.def Info: imm/Screenshot 2026-04-14 alle 14.08.28.png  used on input line 1262.
(pdftex.def)             Requested size: 273.14923pt x 144.05078pt.

Overfull \hbox (7.02888pt too wide) in paragraph at lines 1271--1272
[][]\T1/cmr/bx/n/12 Definition 15 \T1/cmr/m/n/12 (Neg-a-tive cy-cle)\T1/cmr/bx/n/12 . []\T1/cmr/m/it/12 A \T1/cmr/m/n/12 neg-a-tive cy-cle \T1/cmr/m/it/12 is a di-rected cy-cle $\OML/cmm/m/it/12 W$ \T1/cmr/m/it/12 such that $[][] \OML/cmm/m/it/12 c[] <
 []

<imm/Screenshot 2026-04-14 alle 14.10.03.png, id=864, 285.065pt x 149.55875pt>
File: imm/Screenshot 2026-04-14 alle 14.10.03.png Graphic file (type png)
<use imm/Screenshot 2026-04-14 alle 14.10.03.png>
Package pdftex.def Info: imm/Screenshot 2026-04-14 alle 14.10.03.png  used on input line 1275.
(pdftex.def)             Requested size: 182.09486pt x 95.5347pt.


[32 </Users/idabenvenuto/Documents/università/magistrale/Algorithm Design/algo/imm/Screenshot 2026-04-14 alle 14.08.28.png> </Users/idabenvenuto/Documents/università/magistrale/Algorithm Design/algo/imm/Screenshot 2026-04-14 alle 14.10.03.png>]
Overfull \hbox (6.73973pt too wide) detected at line 1316
[]\OT1/cmr/m/n/12 (\OML/cmm/m/it/12 i; v\OT1/cmr/m/n/12 ) = []
 []

(/usr/local/texlive/2025basic/texmf-dist/tex/latex/listings/lstlang1.sty
File: lstlang1.sty 2024/09/23 1.10c listings language file
)

[33]
Overfull \hbox (0.29024pt too wide) in paragraph at lines 1398--1400
[][]\T1/cmr/bx/n/12 Lemma 5. []\T1/cmr/m/it/12 If the suc-ces-sor graph con-tains a di-rected cy-cle $\OML/cmm/m/it/12 W$ \T1/cmr/m/it/12 at any point dur-ing Bellman-
 []



[34]

[35]
Overfull \hbox (18.13364pt too wide) in paragraph at lines 1476--1480
\T1/cmr/m/n/12 this is an ar-bi-trage op-por-tu-nity. Mod-elling this as a graph prob-lem (with $\OMS/cmsy/m/n/12 ^^@ []\OT1/cmr/m/n/12 ([])$
 []


Overfull \hbox (39.37885pt too wide) in paragraph at lines 1526--1538
 [] 
 []



[36]

[37]
Chapter 4.
<imm/Immagine JPEG-4E60-AE75-26-0.jpeg, id=932, 3006.23125pt x 1003.75pt>
File: imm/Immagine JPEG-4E60-AE75-26-0.jpeg Graphic file (type jpg)
<use imm/Immagine JPEG-4E60-AE75-26-0.jpeg>
Package pdftex.def Info: imm/Immagine JPEG-4E60-AE75-26-0.jpeg  used on input line 1565.
(pdftex.def)             Requested size: 318.66948pt x 106.40005pt.


[38

 </Users/idabenvenuto/Documents/università/magistrale/Algorithm Design/algo/imm/Immagine JPEG-4E60-AE75-26-0.jpeg>]
<imm/Immagine JPEG-4577-94E5-C9-0.jpeg, id=937, 4015.0pt x 832.10875pt>
File: imm/Immagine JPEG-4577-94E5-C9-0.jpeg Graphic file (type jpg)
<use imm/Immagine JPEG-4577-94E5-C9-0.jpeg>
Package pdftex.def Info: imm/Immagine JPEG-4577-94E5-C9-0.jpeg  used on input line 1593.
(pdftex.def)             Requested size: 318.66948pt x 66.03679pt.


[39 </Users/idabenvenuto/Documents/università/magistrale/Algorithm Design/algo/imm/Immagine JPEG-4577-94E5-C9-0.jpeg>]

[40]
Package hyperref Info: bookmark level for unknown lstlisting defaults to 0 on input line 1705.


[41]

[42]
Chapter 5.
<imm/Screenshot 2026-03-30 alle 08.33.35.png, id=1007, 373.395pt x 232.87pt>
File: imm/Screenshot 2026-03-30 alle 08.33.35.png Graphic file (type png)
<use imm/Screenshot 2026-03-30 alle 08.33.35.png>
Package pdftex.def Info: imm/Screenshot 2026-03-30 alle 08.33.35.png  used on input line 1760.
(pdftex.def)             Requested size: 227.62206pt x 141.9581pt.
<imm/Screenshot 2026-03-30 alle 08.40.26.png, id=1008, 368.37625pt x 182.6825pt>
File: imm/Screenshot 2026-03-30 alle 08.40.26.png Graphic file (type png)
<use imm/Screenshot 2026-03-30 alle 08.40.26.png>
Package pdftex.def Info: imm/Screenshot 2026-03-30 alle 08.40.26.png  used on input line 1782.
(pdftex.def)             Requested size: 227.62206pt x 112.88008pt.


[43


pdfTeX warning (ext4): destination with the same identifier (name{figure.5.1}) has been already used, duplicate ignored
<argument> ...shipout:D \box_use:N \l_shipout_box 
                                                  \__shipout_drop_firstpage_...
l.1785 
        </Users/idabenvenuto/Documents/università/magistrale/Algorithm Design/algo/imm/Screenshot 2026-03-30 alle 08.33.35.png>]
<imm/Screenshot 2026-03-30 alle 08.47.19.png, id=1018, 384.43625pt x 166.6225pt>
File: imm/Screenshot 2026-03-30 alle 08.47.19.png Graphic file (type png)
<use imm/Screenshot 2026-03-30 alle 08.47.19.png>
Package pdftex.def Info: imm/Screenshot 2026-03-30 alle 08.47.19.png  used on input line 1817.
(pdftex.def)             Requested size: 227.62206pt x 98.65727pt.


[44
pdfTeX warning (ext4): destination with the same identifier (name{figure.5.2}) has been already used, duplicate ignored
<argument> ...shipout:D \box_use:N \l_shipout_box 
                                                  \__shipout_drop_firstpage_...
l.1833     \item R
                  epeat until no such path exists.
pdfTeX warning (ext4): destination with the same identifier (name{figure.5.3}) has been already used, duplicate ignored
<argument> ...shipout:D \box_use:N \l_shipout_box 
                                                  \__shipout_drop_firstpage_...
l.1833     \item R
                  epeat until no such path exists. </Users/idabenvenuto/Documents/università/magistrale/Algorithm Design/algo/imm/Screenshot 2026-03-30 alle 08.40.26.png> </Users/idabenvenuto/Documents/università/magistrale/Algorithm Design/algo/imm/Screenshot 2026-03-30 alle 08.47.19.png>]
<imm/Screenshot 2026-03-30 alle 09.21.45.png, id=1029, 458.71375pt x 141.52875pt>
File: imm/Screenshot 2026-03-30 alle 09.21.45.png Graphic file (type png)
<use imm/Screenshot 2026-03-30 alle 09.21.45.png>
Package pdftex.def Info: imm/Screenshot 2026-03-30 alle 09.21.45.png  used on input line 1844.
(pdftex.def)             Requested size: 227.62206pt x 70.22862pt.
<imm/Immagine JPEG-46B2-83B7-C2-0.jpeg, id=1030, 2066.72125pt x 671.50874pt>
File: imm/Immagine JPEG-46B2-83B7-C2-0.jpeg Graphic file (type jpg)
<use imm/Immagine JPEG-46B2-83B7-C2-0.jpeg>
Package pdftex.def Info: imm/Immagine JPEG-46B2-83B7-C2-0.jpeg  used on input line 1850.
(pdftex.def)             Requested size: 227.62206pt x 73.94815pt.
<imm/Screenshot 2026-03-30 alle 09.32.43.png, id=1031, 292.09125pt x 130.4875pt>
File: imm/Screenshot 2026-03-30 alle 09.32.43.png Graphic file (type png)
<use imm/Screenshot 2026-03-30 alle 09.32.43.png>
Package pdftex.def Info: imm/Screenshot 2026-03-30 alle 09.32.43.png  used on input line 1873.
(pdftex.def)             Requested size: 200.30852pt x 89.48692pt.
<imm/Screenshot 2026-03-30 alle 09.32.52.png, id=1032, 329.23pt x 120.45pt>
File: imm/Screenshot 2026-03-30 alle 09.32.52.png Graphic file (type png)
<use imm/Screenshot 2026-03-30 alle 09.32.52.png>
Package pdftex.def Info: imm/Screenshot 2026-03-30 alle 09.32.52.png  used on input line 1877.
(pdftex.def)             Requested size: 245.82875pt x 89.93843pt.


[45
pdfTeX warning (ext4): destination with the same identifier (name{figure.5.4}) has been already used, duplicate ignored
<argument> ...shipout:D \box_use:N \l_shipout_box 
                                                  \__shipout_drop_firstpage_...
l.1881               \item A
                             \emph{backward residual edge} $e^R = (v, u)$ wi...
pdfTeX warning (ext4): destination with the same identifier (name{figure.5.5}) has been already used, duplicate ignored
<argument> ...shipout:D \box_use:N \l_shipout_box 
                                                  \__shipout_drop_firstpage_...
l.1881               \item A
                             \emph{backward residual edge} $e^R = (v, u)$ wi... </Users/idabenvenuto/Documents/università/magistrale/Algorithm Design/algo/imm/Screenshot 2026-03-30 alle 09.21.45.png> </Users/idabenvenuto/Documents/università/magistrale/Algorithm Design/algo/imm/Immagine JPEG-46B2-83B7-C2-0.jpeg>]
<imm/Screenshot 2026-03-30 alle 09.33.50.png, id=1041, 338.26375pt x 212.795pt>
File: imm/Screenshot 2026-03-30 alle 09.33.50.png Graphic file (type png)
<use imm/Screenshot 2026-03-30 alle 09.33.50.png>
Package pdftex.def Info: imm/Screenshot 2026-03-30 alle 09.33.50.png  used on input line 1930.
(pdftex.def)             Requested size: 227.62206pt x 143.19531pt.
<imm/Screenshot 2026-03-30 alle 09.35.20.png, id=1042, 419.5675pt x 271.0125pt>
File: imm/Screenshot 2026-03-30 alle 09.35.20.png Graphic file (type png)
<use imm/Screenshot 2026-03-30 alle 09.35.20.png>
Package pdftex.def Info: imm/Screenshot 2026-03-30 alle 09.35.20.png  used on input line 1939.
(pdftex.def)             Requested size: 227.62206pt x 147.02689pt.


[46
pdfTeX warning (ext4): destination with the same identifier (name{figure.5.6}) has been already used, duplicate ignored
<argument> ...shipout:D \box_use:N \l_shipout_box 
                                                  \__shipout_drop_firstpage_...
l.1941 
        </Users/idabenvenuto/Documents/università/magistrale/Algorithm Design/algo/imm/Screenshot 2026-03-30 alle 09.32.43.png> </Users/idabenvenuto/Documents/università/magistrale/Algorithm Design/algo/imm/Screenshot 2026-03-30 alle 09.32.52.png> </Users/idabenvenuto/Documents/università/magistrale/Algorithm Design/algo/imm/Screenshot 2026-03-30 alle 09.33.50.png>]
<imm/Screenshot 2026-03-30 alle 08.57.26.png, id=1053, 465.74pt x 157.58875pt>
File: imm/Screenshot 2026-03-30 alle 08.57.26.png Graphic file (type png)
<use imm/Screenshot 2026-03-30 alle 08.57.26.png>
Package pdftex.def Info: imm/Screenshot 2026-03-30 alle 08.57.26.png  used on input line 1945.
(pdftex.def)             Requested size: 227.62206pt x 77.01717pt.
<imm/Screenshot 2026-04-14 alle 15.30.02.png, id=1054, 463.7325pt x 157.58875pt>
File: imm/Screenshot 2026-04-14 alle 15.30.02.png Graphic file (type png)
<use imm/Screenshot 2026-04-14 alle 15.30.02.png>
Package pdftex.def Info: imm/Screenshot 2026-04-14 alle 15.30.02.png  used on input line 1962.
(pdftex.def)             Requested size: 227.62206pt x 77.3538pt.


[47 </Users/idabenvenuto/Documents/università/magistrale/Algorithm Design/algo/imm/Screenshot 2026-03-30 alle 09.35.20.png> </Users/idabenvenuto/Documents/università/magistrale/Algorithm Design/algo/imm/Screenshot 2026-03-30 alle 08.57.26.png> </Users/idabenvenuto/Documents/università/magistrale/Algorithm Design/algo/imm/Screenshot 2026-04-14 alle 15.30.02.png>]
<imm/Screenshot 2026-03-30 alle 09.37.37.png, id=1066, 479.7925pt x 174.6525pt>
File: imm/Screenshot 2026-03-30 alle 09.37.37.png Graphic file (type png)
<use imm/Screenshot 2026-03-30 alle 09.37.37.png>
Package pdftex.def Info: imm/Screenshot 2026-03-30 alle 09.37.37.png  used on input line 1990.
(pdftex.def)             Requested size: 227.62206pt x 82.85953pt.


[48 </Users/idabenvenuto/Documents/università/magistrale/Algorithm Design/algo/imm/Screenshot 2026-03-30 alle 09.37.37.png>]

[49]
<imm/Screenshot 2026-04-16 alle 16.50.23.png, id=1085, 662.475pt x 419.5675pt>
File: imm/Screenshot 2026-04-16 alle 16.50.23.png Graphic file (type png)
<use imm/Screenshot 2026-04-16 alle 16.50.23.png>
Package pdftex.def Info: imm/Screenshot 2026-04-16 alle 16.50.23.png  used on input line 2215.
(pdftex.def)             Requested size: 227.62206pt x 144.15555pt.


[50]
<imm/Screenshot 2026-04-16 alle 16.54.45.png, id=1098, 509.905pt x 425.59pt>
File: imm/Screenshot 2026-04-16 alle 16.54.45.png Graphic file (type png)
<use imm/Screenshot 2026-04-16 alle 16.54.45.png>
Package pdftex.def Info: imm/Screenshot 2026-04-16 alle 16.54.45.png  used on input line 2226.
(pdftex.def)             Requested size: 364.19667pt x 303.98932pt.


[51 </Users/idabenvenuto/Documents/università/magistrale/Algorithm Design/algo/imm/Screenshot 2026-04-16 alle 16.50.23.png> </Users/idabenvenuto/Documents/università/magistrale/Algorithm Design/algo/imm/Screenshot 2026-04-16 alle 16.54.45.png>]
<imm/Screenshot 2026-04-16 alle 16.59.49.png, id=1107, 479.7925pt x 314.17375pt>
File: imm/Screenshot 2026-04-16 alle 16.59.49.png Graphic file (type png)
<use imm/Screenshot 2026-04-16 alle 16.59.49.png>
Package pdftex.def Info: imm/Screenshot 2026-04-16 alle 16.59.49.png  used on input line 2273.
(pdftex.def)             Requested size: 318.66948pt x 208.66884pt.
<imm/Screenshot 2026-04-16 alle 17.04.11.png, id=1108, 618.31pt x 383.4325pt>
File: imm/Screenshot 2026-04-16 alle 17.04.11.png Graphic file (type png)
<use imm/Screenshot 2026-04-16 alle 17.04.11.png>
Package pdftex.def Info: imm/Screenshot 2026-04-16 alle 17.04.11.png  used on input line 2288.
(pdftex.def)             Requested size: 227.62206pt x 141.154pt.


[52 </Users/idabenvenuto/Documents/università/magistrale/Algorithm Design/algo/imm/Screenshot 2026-04-16 alle 16.59.49.png>]
<imm/Screenshot 2026-04-16 alle 17.10.20.png, id=1117, 682.55pt x 290.08376pt>
File: imm/Screenshot 2026-04-16 alle 17.10.20.png Graphic file (type png)
<use imm/Screenshot 2026-04-16 alle 17.10.20.png>
Package pdftex.def Info: imm/Screenshot 2026-04-16 alle 17.10.20.png  used on input line 2344.
(pdftex.def)             Requested size: 227.62206pt x 96.73712pt.


[53 </Users/idabenvenuto/Documents/università/magistrale/Algorithm Design/algo/imm/Screenshot 2026-04-16 alle 17.04.11.png>]

[54 </Users/idabenvenuto/Documents/università/magistrale/Algorithm Design/algo/imm/Screenshot 2026-04-16 alle 17.10.20.png>]

[55]

[56]

[57]
Chapter 6.
<imm/Screenshot 2026-04-16 alle 14.31.29.png, id=1153, 730.73pt x 465.74pt>
File: imm/Screenshot 2026-04-16 alle 14.31.29.png Graphic file (type png)
<use imm/Screenshot 2026-04-16 alle 14.31.29.png>
Package pdftex.def Info: imm/Screenshot 2026-04-16 alle 14.31.29.png  used on input line 2538.
(pdftex.def)             Requested size: 455.24411pt x 290.1558pt.
<imm/Immagine JPEG-4502-AD33-DC-0.jpeg, id=1154, 1413.28pt x 1003.75pt>
File: imm/Immagine JPEG-4502-AD33-DC-0.jpeg Graphic file (type jpg)
<use imm/Immagine JPEG-4502-AD33-DC-0.jpeg>
Package pdftex.def Info: imm/Immagine JPEG-4502-AD33-DC-0.jpeg  used on input line 2558.
(pdftex.def)             Requested size: 227.62206pt x 161.66008pt.


[58

 </Users/idabenvenuto/Documents/università/magistrale/Algorithm Design/algo/imm/Screenshot 2026-04-16 alle 14.31.29.png>]
<imm/Immagine JPEG-4D15-AFBC-7B-0.jpeg, id=1162, 3058.42625pt x 1003.75pt>
File: imm/Immagine JPEG-4D15-AFBC-7B-0.jpeg Graphic file (type jpg)
<use imm/Immagine JPEG-4D15-AFBC-7B-0.jpeg>
Package pdftex.def Info: imm/Immagine JPEG-4D15-AFBC-7B-0.jpeg  used on input line 2598.
(pdftex.def)             Requested size: 227.62206pt x 74.69598pt.


[59 </Users/idabenvenuto/Documents/università/magistrale/Algorithm Design/algo/imm/Immagine JPEG-4502-AD33-DC-0.jpeg> </Users/idabenvenuto/Documents/università/magistrale/Algorithm Design/algo/imm/Immagine JPEG-4D15-AFBC-7B-0.jpeg>]

[60]
<imm/Immagine JPEG-4101-9BE8-E1-0.jpeg, id=1177, 1882.03125pt x 1003.75pt>
File: imm/Immagine JPEG-4101-9BE8-E1-0.jpeg Graphic file (type jpg)
<use imm/Immagine JPEG-4101-9BE8-E1-0.jpeg>
Package pdftex.def Info: imm/Immagine JPEG-4101-9BE8-E1-0.jpeg  used on input line 2693.
(pdftex.def)             Requested size: 227.62206pt x 121.3944pt.


[61 </Users/idabenvenuto/Documents/università/magistrale/Algorithm Design/algo/imm/Immagine JPEG-4101-9BE8-E1-0.jpeg>] (/Users/idabenvenuto/Documents/università/magistrale/Algorithm Design/algo/notes.aux)
 ***********
LaTeX2e <2024-11-01> patch level 2
L3 programming layer <2025-01-18>
 ***********
Package rerunfilecheck Info: File `notes.out' has not changed.
(rerunfilecheck)             Checksum: DA1952B9CBC42D62F3B7094C590592DD;20784.
 ) 
Here is how much of TeX's memory you used:
 24821 strings out of 474662
 455577 string characters out of 5751108
 1009788 words of memory out of 5000000
 47079 multiletter control sequences out of 15000+600000
 584549 words of font info for 101 fonts, out of 8000000 for 9000
 319 hyphenation exceptions out of 8191
 84i,13n,87p,648b,2052s stack positions out of 10000i,1000n,20000p,200000b,200000s
</usr/local/texlive/2025basic/texmf-dist/fonts/type1/public/amsfonts/cm/cmbx12.pfb></usr/local/texlive/2025basic/texmf-dist/fonts/type1/public/amsfonts/cm/cmex10.pfb></usr/local/texlive/2025basic/texmf-dist/fonts/type1/public/amsfonts/cm/cmmi10.pfb></usr/local/texlive/2025basic/texmf-dist/fonts/type1/public/amsfonts/cm/cmmi12.pfb></usr/local/texlive/2025basic/texmf-dist/fonts/type1/public/amsfonts/cm/cmmi6.pfb></usr/local/texlive/2025basic/texmf-dist/fonts/type1/public/amsfonts/cm/cmmi8.pfb></usr/local/texlive/2025basic/texmf-dist/fonts/type1/public/amsfonts/cm/cmr10.pfb></usr/local/texlive/2025basic/texmf-dist/fonts/type1/public/amsfonts/cm/cmr12.pfb></usr/local/texlive/2025basic/texmf-dist/fonts/type1/public/amsfonts/cm/cmr6.pfb></usr/local/texlive/2025basic/texmf-dist/fonts/type1/public/amsfonts/cm/cmr8.pfb></usr/local/texlive/2025basic/texmf-dist/fonts/type1/public/amsfonts/cm/cmsy10.pfb></usr/local/texlive/2025basic/texmf-dist/fonts/type1/public/amsfonts/cm/cmsy6.pfb></usr/local/texlive/2025basic/texmf-dist/fonts/type1/public/amsfonts/cm/cmsy8.pfb></usr/local/texlive/2025basic/texmf-dist/fonts/type1/public/amsfonts/symbols/msam10.pfb></usr/local/texlive/2025basic/texmf-dist/fonts/type1/public/amsfonts/symbols/msbm10.pfb></usr/local/texlive/2025basic/texmf-dist/fonts/type1/public/cm-super/sfbi1200.pfb></usr/local/texlive/2025basic/texmf-dist/fonts/type1/public/cm-super/sfbx1200.pfb></usr/local/texlive/2025basic/texmf-dist/fonts/type1/public/cm-super/sfbx1440.pfb></usr/local/texlive/2025basic/texmf-dist/fonts/type1/public/cm-super/sfbx1728.pfb></usr/local/texlive/2025basic/texmf-dist/fonts/type1/public/cm-super/sfbx2074.pfb></usr/local/texlive/2025basic/texmf-dist/fonts/type1/public/cm-super/sfbx2488.pfb></usr/local/texlive/2025basic/texmf-dist/fonts/type1/public/cm-super/sfcc1200.pfb></usr/local/texlive/2025basic/texmf-dist/fonts/type1/public/cm-super/sfrm0800.pfb></usr/local/texlive/2025basic/texmf-dist/fonts/type1/public/cm-super/sfrm1200.pfb></usr/local/texlive/2025basic/texmf-dist/fonts/type1/public/cm-super/sfrm1440.pfb></usr/local/texlive/2025basic/texmf-dist/fonts/type1/public/cm-super/sfti0800.pfb></usr/local/texlive/2025basic/texmf-dist/fonts/type1/public/cm-super/sfti1200.pfb></usr/local/texlive/2025basic/texmf-dist/fonts/type1/public/cm-super/sftt1200.pfb>
Output written on "/Users/idabenvenuto/Documents/università/magistrale/Algorithm Design/algo/notes.pdf" (62 pages, 5137354 bytes).
PDF statistics:
 1391 PDF objects out of 1440 (max. 8388607)
 1159 compressed objects within 12 object streams
 386 named destinations out of 1000 (max. 500000)
 1203 words of extra memory for PDF output out of 10000 (max. 10000000)

